>>> Starting Agent Boot Sequence...
[1/6] Checking User Account               [OK]
   ... Running as service user 'agent' (uid=1000)
[2/6] Verifying Environment Variables     [OK]
   ... All required Envs correct
[3/6] Checking Required Files             [OK]
   ... Verified 'secret.key' with correct key string.
[4/6] Checking Port Availability          [OK]
   ... Port 15034 is available.
[5/6] Verifying Log Permission            [OK]
   ... Log directory is writable: /home/agent/agent_home/logs
[6/6] Verifying Mission Environment       [OK]
   ... MEMORY_LIMIT=512MB, CPU_MAX_OCCUPY=30%, MULTI_THREAD_ENABLE=False
------------------------------------------------------------
All Boot Checks Passed!
Agent READY
2026-09-30 01:49:38,096 [INFO] [SafetyGuard] Process priority lowered (nice=10).
2026-09-30 01:49:38,096 [INFO] Agent listening at port 15034

==================================================
 [ Agent Initiate ] Resource Check 
==================================================
 [ MEMORY ] Limit: 512MB 		[ OK ]
 [ CPU    ] Limit: 30%  		[ OK ]
 [ THREAD ] Concurrency: False 		[ OK ]
--------------------------------------------------
 >>> SYSTEM STATUS: STABLE. STARTING WORKLOAD MONITORING...
==================================================

2026-09-30 01:49:40,111 [INFO] >>> Scenario Selected: [Healthy System Monitoring]

>>> [SYSTEM] ALL CONFIGURATIONS OPTIMAL. RUNNING STABILITY TEST... <<<

2026-09-30 01:49:40,113 [INFO] [Scheduler] Task Scheduler Initialized.
2026-09-30 01:49:40,114 [INFO] [Scheduler] Registered Tasks: ['Thread-A', 'Thread-B', 'Thread-C']
2026-09-30 01:49:40,114 [INFO] [Scheduler] Starting task execution...
2026-09-30 01:49:40,114 [INFO] [Thread-B] Task Started. Calculating... (20%)
2026-09-30 01:49:40,170 [INFO] [Thread-B] Calculating... (40%)
2026-09-30 01:49:40,228 [INFO] [Thread-B] Calculating... (60%)
2026-09-30 01:49:40,284 [INFO] [Thread-B] Calculating... (80%)
2026-09-30 01:49:40,336 [INFO] [Thread-B] Task Completed. (100%)
2026-09-30 01:49:40,393 [INFO] [Thread-C] Task Started. Calculating... (20%)
2026-09-30 01:49:40,448 [INFO] [Thread-C] Calculating... (40%)
2026-09-30 01:49:40,505 [INFO] [Thread-C] Calculating... (60%)
2026-09-30 01:49:40,558 [INFO] [Thread-C] Calculating... (80%)
2026-09-30 01:49:40,612 [INFO] [Thread-C] Task Completed. (100%)
2026-09-30 01:49:40,667 [INFO] [Thread-A] Task Started. Calculating... (20%)
2026-09-30 01:49:40,719 [INFO] [Thread-A] Calculating... (40%)
2026-09-30 01:49:40,775 [INFO] [Thread-A] Calculating... (60%)
2026-09-30 01:49:40,832 [INFO] [Thread-A] Calculating... (80%)
2026-09-30 01:49:40,889 [INFO] [Thread-A] Task Completed. (100%)
2026-09-30 01:49:40,943 [INFO] [Scheduler] All tasks completed.
2026-09-30 01:49:40,963 [INFO] [MemoryWorker] Current Heap: 25MB
2026-09-30 01:49:40,963 [INFO] [CpuWorker] Started. Maximum CPU Limit: 30%
2026-09-30 01:49:40,964 [INFO] [CpuWorker] Current Load: 5.00%
2026-09-30 01:49:44,073 [INFO] [MemoryWorker] Current Heap: 50MB
2026-09-30 01:49:44,095 [INFO] [CpuWorker] Current Load: 8.40%
2026-09-30 01:49:47,130 [INFO] [MemoryWorker] Current Heap: 75MB
2026-09-30 01:49:47,227 [INFO] [CpuWorker] Current Load: 12.70%
2026-09-30 01:49:50,185 [INFO] [MemoryWorker] Current Heap: 100MB
2026-09-30 01:49:50,356 [INFO] [CpuWorker] Current Load: 14.14%
2026-09-30 01:49:53,235 [INFO] [MemoryWorker] Current Heap: 125MB
2026-09-30 01:49:53,487 [INFO] [CpuWorker] Current Load: 17.60%
2026-09-30 01:49:56,288 [INFO] [MemoryWorker] Current Heap: 150MB
2026-09-30 01:49:56,612 [INFO] [CpuWorker] Current Load: 19.90%
2026-09-30 01:49:59,335 [INFO] [MemoryWorker] Current Heap: 175MB
2026-09-30 01:49:59,741 [INFO] [CpuWorker] Current Load: 21.20%
2026-09-30 01:50:02,366 [INFO] [MemoryWorker] Current Heap: 200MB
2026-09-30 01:50:02,867 [INFO] [CpuWorker] Current Load: 29.63%
2026-09-30 01:50:04,985 [INFO] [CpuWorker] Peak reached (30.00%). Starting cooldown...
2026-09-30 01:50:05,420 [INFO] [MemoryWorker] Current Heap: 225MB
2026-09-30 01:50:05,997 [INFO] [CpuWorker] Current Load: 30.00%
2026-09-30 01:50:08,452 [INFO] [MemoryWorker] Current Heap: 250MB
2026-09-30 01:50:09,124 [INFO] [CpuWorker] Current Load: 20.64%
2026-09-30 01:50:11,506 [INFO] [MemoryWorker] Current Heap: 275MB
2026-09-30 01:50:12,255 [INFO] [CpuWorker] Current Load: 14.63%
2026-09-30 01:50:14,554 [INFO] [MemoryWorker] Current Heap: 300MB
2026-09-30 01:50:15,384 [INFO] [CpuWorker] Current Load: 5.61%
2026-09-30 01:50:17,503 [INFO] [CpuWorker] Cooldown complete (5.00%). Resuming load increase...
2026-09-30 01:50:17,599 [INFO] [MemoryWorker] Current Heap: 325MB
2026-09-30 01:50:18,513 [INFO] [CpuWorker] Current Load: 5.00%
2026-09-30 01:50:20,637 [INFO] [MemoryWorker] Current Heap: 350MB
2026-09-30 01:50:21,648 [INFO] [CpuWorker] Current Load: 10.79%
2026-09-30 01:50:23,677 [INFO] [MemoryWorker] Current Heap: 375MB
2026-09-30 01:50:24,778 [INFO] [CpuWorker] Current Load: 14.31%
2026-09-30 01:50:26,720 [INFO] [MemoryWorker] Current Heap: 400MB
2026-09-30 01:50:27,903 [INFO] [CpuWorker] Current Load: 21.32%
2026-09-30 01:50:29,754 [INFO] [MemoryWorker] Current Heap: 425MB
2026-09-30 01:50:31,035 [INFO] [CpuWorker] Current Load: 28.24%
2026-09-30 01:50:32,785 [INFO] [MemoryWorker] Current Heap: 450MB
2026-09-30 01:50:33,151 [INFO] [CpuWorker] Peak reached (30.00%). Starting cooldown...
2026-09-30 01:50:34,162 [INFO] [CpuWorker] Current Load: 30.00%
2026-09-30 01:50:35,830 [INFO] [MemoryWorker] Current Heap: 475MB
2026-09-30 01:50:37,292 [INFO] [CpuWorker] Current Load: 26.09%
2026-09-30 01:50:38,867 [INFO] [MemoryWorker] Current Heap: 500MB
2026-09-30 01:50:40,419 [INFO] [CpuWorker] Current Load: 17.73%
2026-09-30 01:50:41,907 [INFO] [MemoryWorker] Current Heap: 525MB
2026-09-30 01:50:41,907 [WARNING] [MemoryWorker] Memory Usage Reached Limit (525MB). Starting cleanup...
2026-09-30 01:50:41,917 [INFO] [System] Memory Cache Flushed. Process Stabilized.

>>> [SYSTEM] MEMORY RECOVERED (Cache Cleared) <<<

2026-09-30 01:50:43,547 [INFO] [CpuWorker] Current Load: 9.33%
2026-09-30 01:50:46,678 [INFO] [CpuWorker] Current Load: 8.23%
2026-09-30 01:50:46,970 [INFO] [MemoryWorker] Current Heap: 25MB
2026-09-30 01:50:49,806 [INFO] [CpuWorker] Current Load: 5.54%
2026-09-30 01:50:50,005 [INFO] [MemoryWorker] Current Heap: 50MB
2026-09-30 01:50:51,922 [INFO] [CpuWorker] Cooldown complete (5.00%). Resuming load increase...
2026-09-30 01:50:52,923 [INFO] [CpuWorker] Current Load: 5.00%
2026-09-30 01:50:53,039 [INFO] [MemoryWorker] Current Heap: 75MB
2026-09-30 01:50:56,044 [INFO] [CpuWorker] Current Load: 6.46%
2026-09-30 01:50:56,070 [INFO] [MemoryWorker] Current Heap: 100MB
2026-09-30 01:50:59,104 [INFO] [MemoryWorker] Current Heap: 125MB
2026-09-30 01:50:59,167 [INFO] [CpuWorker] Current Load: 15.96%
2026-09-30 01:51:02,129 [INFO] [MemoryWorker] Current Heap: 150MB
2026-09-30 01:51:02,289 [INFO] [CpuWorker] Current Load: 17.24%
2026-09-30 01:51:05,171 [INFO] [MemoryWorker] Current Heap: 175MB
2026-09-30 01:51:05,414 [INFO] [CpuWorker] Current Load: 25.84%
2026-09-30 01:51:07,532 [INFO] [CpuWorker] Peak reached (30.00%). Starting cooldown...
2026-09-30 01:51:08,201 [INFO] [MemoryWorker] Current Heap: 200MB
2026-09-30 01:51:08,543 [INFO] [CpuWorker] Current Load: 30.00%
2026-09-30 01:51:11,238 [INFO] [MemoryWorker] Current Heap: 225MB
2026-09-30 01:51:11,669 [INFO] [CpuWorker] Current Load: 20.00%
2026-09-30 01:51:14,273 [INFO] [MemoryWorker] Current Heap: 250MB
2026-09-30 01:51:14,794 [INFO] [CpuWorker] Current Load: 10.46%
2026-09-30 01:51:16,914 [INFO] [CpuWorker] Cooldown complete (5.00%). Resuming load increase...
2026-09-30 01:51:17,306 [INFO] [MemoryWorker] Current Heap: 275MB
2026-09-30 01:51:17,922 [INFO] [CpuWorker] Current Load: 5.00%
2026-09-30 01:51:20,363 [INFO] [MemoryWorker] Current Heap: 300MB
2026-09-30 01:51:21,062 [INFO] [CpuWorker] Current Load: 10.82%
2026-09-30 01:51:23,392 [INFO] [MemoryWorker] Current Heap: 325MB
2026-09-30 01:51:24,189 [INFO] [CpuWorker] Current Load: 17.88%
2026-09-30 01:51:26,427 [INFO] [MemoryWorker] Current Heap: 350MB
2026-09-30 01:51:27,316 [INFO] [CpuWorker] Current Load: 25.84%
2026-09-30 01:51:29,438 [INFO] [CpuWorker] Peak reached (30.00%). Starting cooldown...
2026-09-30 01:51:29,462 [INFO] [MemoryWorker] Current Heap: 375MB
2026-09-30 01:51:30,470 [INFO] [CpuWorker] Current Load: 30.00%
2026-09-30 01:51:32,502 [INFO] [MemoryWorker] Current Heap: 400MB
2026-09-30 01:51:33,597 [INFO] [CpuWorker] Current Load: 22.08%
2026-09-30 01:51:35,535 [INFO] [MemoryWorker] Current Heap: 425MB
2026-09-30 01:51:36,730 [INFO] [CpuWorker] Current Load: 18.73%
2026-09-30 01:51:38,571 [INFO] [MemoryWorker] Current Heap: 450MB
2026-09-30 01:51:39,857 [INFO] [CpuWorker] Current Load: 14.59%
2026-09-30 01:51:41,609 [INFO] [MemoryWorker] Current Heap: 475MB
2026-09-30 01:51:41,979 [INFO] [CpuWorker] Cooldown complete (5.00%). Resuming load increase...
2026-09-30 01:51:42,986 [INFO] [CpuWorker] Current Load: 5.00%
2026-09-30 01:51:44,645 [INFO] [MemoryWorker] Current Heap: 500MB
2026-09-30 01:51:46,112 [INFO] [CpuWorker] Current Load: 8.88%
2026-09-30 01:51:47,685 [INFO] [MemoryWorker] Current Heap: 525MB
2026-09-30 01:51:47,686 [WARNING] [MemoryWorker] Memory Usage Reached Limit (525MB). Starting cleanup...
2026-09-30 01:51:47,699 [INFO] [System] Memory Cache Flushed. Process Stabilized.

>>> [SYSTEM] MEMORY RECOVERED (Cache Cleared) <<<

2026-09-30 01:51:49,237 [INFO] [CpuWorker] Current Load: 12.84%
2026-09-30 01:51:52,368 [INFO] [CpuWorker] Current Load: 16.06%
2026-09-30 01:51:52,746 [INFO] [MemoryWorker] Current Heap: 25MB
2026-09-30 01:51:55,493 [INFO] [CpuWorker] Current Load: 25.92%
2026-09-30 01:51:55,782 [INFO] [MemoryWorker] Current Heap: 50MB
2026-09-30 01:51:58,621 [INFO] [CpuWorker] Current Load: 27.09%
2026-09-30 01:51:58,827 [INFO] [MemoryWorker] Current Heap: 75MB
2026-09-30 01:52:00,744 [INFO] [CpuWorker] Peak reached (30.00%). Starting cooldown...
2026-09-30 01:52:01,750 [INFO] [CpuWorker] Current Load: 30.00%
2026-09-30 01:52:01,862 [INFO] [MemoryWorker] Current Heap: 100MB
2026-09-30 01:52:04,912 [INFO] [CpuWorker] Current Load: 26.04%
2026-09-30 01:52:04,912 [INFO] [MemoryWorker] Current Heap: 125MB
2026-09-30 01:52:07,956 [INFO] [MemoryWorker] Current Heap: 150MB
2026-09-30 01:52:08,040 [INFO] [CpuWorker] Current Load: 17.16%
2026-09-30 01:52:10,997 [INFO] [MemoryWorker] Current Heap: 175MB
2026-09-30 01:52:11,170 [INFO] [CpuWorker] Current Load: 12.25%
2026-09-30 01:52:13,292 [INFO] [CpuWorker] Cooldown complete (5.00%). Resuming load increase...
2026-09-30 01:52:14,030 [INFO] [MemoryWorker] Current Heap: 200MB
2026-09-30 01:52:14,302 [INFO] [CpuWorker] Current Load: 5.00%
2026-09-30 01:52:17,054 [INFO] [MemoryWorker] Current Heap: 225MB
2026-09-30 01:52:17,431 [INFO] [CpuWorker] Current Load: 13.08%
2026-09-30 01:52:20,090 [INFO] [MemoryWorker] Current Heap: 250MB
2026-09-30 01:52:20,550 [INFO] [CpuWorker] Current Load: 17.71%
2026-09-30 01:52:23,138 [INFO] [MemoryWorker] Current Heap: 275MB
2026-09-30 01:52:23,677 [INFO] [CpuWorker] Current Load: 21.82%
2026-09-30 01:52:26,182 [INFO] [MemoryWorker] Current Heap: 300MB
2026-09-30 01:52:26,805 [INFO] [CpuWorker] Current Load: 22.63%
2026-09-30 01:52:29,213 [INFO] [MemoryWorker] Current Heap: 325MB
2026-09-30 01:52:29,933 [INFO] [CpuWorker] Current Load: 25.59%
2026-09-30 01:52:32,253 [INFO] [MemoryWorker] Current Heap: 350MB
2026-09-30 01:52:33,060 [INFO] [CpuWorker] Current Load: 27.96%
2026-09-30 01:52:35,181 [INFO] [CpuWorker] Peak reached (30.00%). Starting cooldown...
2026-09-30 01:52:35,297 [INFO] [MemoryWorker] Current Heap: 375MB
2026-09-30 01:52:36,191 [INFO] [CpuWorker] Current Load: 30.00%
2026-09-30 01:52:38,329 [INFO] [MemoryWorker] Current Heap: 400MB
2026-09-30 01:52:39,321 [INFO] [CpuWorker] Current Load: 23.09%
2026-09-30 01:52:41,362 [INFO] [MemoryWorker] Current Heap: 425MB
2026-09-30 01:52:42,455 [INFO] [CpuWorker] Current Load: 18.49%
2026-09-30 01:52:44,387 [INFO] [MemoryWorker] Current Heap: 450MB
2026-09-30 01:52:45,583 [INFO] [CpuWorker] Current Load: 18.26%
2026-09-30 01:52:47,421 [INFO] [MemoryWorker] Current Heap: 475MB
2026-09-30 01:52:48,710 [INFO] [CpuWorker] Current Load: 18.04%
2026-09-30 01:52:50,462 [INFO] [MemoryWorker] Current Heap: 500MB
2026-09-30 01:52:51,841 [INFO] [CpuWorker] Current Load: 8.18%
2026-09-30 01:52:53,489 [INFO] [MemoryWorker] Current Heap: 525MB
2026-09-30 01:52:53,490 [WARNING] [MemoryWorker] Memory Usage Reached Limit (525MB). Starting cleanup...
2026-09-30 01:52:53,503 [INFO] [System] Memory Cache Flushed. Process Stabilized.

>>> [SYSTEM] MEMORY RECOVERED (Cache Cleared) <<<

2026-09-30 01:52:53,960 [INFO] [CpuWorker] Cooldown complete (5.00%). Resuming load increase...
2026-09-30 01:52:54,970 [INFO] [CpuWorker] Current Load: 5.00%
2026-09-30 01:52:58,099 [INFO] [CpuWorker] Current Load: 12.89%
2026-09-30 01:52:58,556 [INFO] [MemoryWorker] Current Heap: 25MB
2026-09-30 01:53:01,227 [INFO] [CpuWorker] Current Load: 15.13%
2026-09-30 01:53:01,600 [INFO] [MemoryWorker] Current Heap: 50MB
2026-09-30 01:53:04,358 [INFO] [CpuWorker] Current Load: 16.83%
2026-09-30 01:53:04,642 [INFO] [MemoryWorker] Current Heap: 75MB
2026-09-30 01:53:07,492 [INFO] [CpuWorker] Current Load: 25.14%
2026-09-30 01:53:07,680 [INFO] [MemoryWorker] Current Heap: 100MB
2026-09-30 01:53:09,616 [INFO] [CpuWorker] Peak reached (30.00%). Starting cooldown...
2026-09-30 01:53:10,623 [INFO] [CpuWorker] Current Load: 30.00%
2026-09-30 01:53:10,715 [INFO] [MemoryWorker] Current Heap: 125MB
2026-09-30 01:53:13,755 [INFO] [CpuWorker] Current Load: 22.67%
2026-09-30 01:53:13,755 [INFO] [MemoryWorker] Current Heap: 150MB
2026-09-30 01:53:16,816 [INFO] [MemoryWorker] Current Heap: 175MB
2026-09-30 01:53:16,882 [INFO] [CpuWorker] Current Load: 18.48%
2026-09-30 01:53:19,854 [INFO] [MemoryWorker] Current Heap: 200MB
2026-09-30 01:53:20,007 [INFO] [CpuWorker] Current Load: 11.02%
2026-09-30 01:53:22,891 [INFO] [MemoryWorker] Current Heap: 225MB
2026-09-30 01:53:23,135 [INFO] [CpuWorker] Current Load: 8.32%
2026-09-30 01:53:25,262 [INFO] [CpuWorker] Cooldown complete (5.00%). Resuming load increase...
2026-09-30 01:53:25,936 [INFO] [MemoryWorker] Current Heap: 250MB
2026-09-30 01:53:26,278 [INFO] [CpuWorker] Current Load: 5.00%
2026-09-30 01:53:28,970 [INFO] [MemoryWorker] Current Heap: 275MB
2026-09-30 01:53:29,402 [INFO] [CpuWorker] Current Load: 8.29%
2026-09-30 01:53:32,006 [INFO] [MemoryWorker] Current Heap: 300MB
2026-09-30 01:53:32,530 [INFO] [CpuWorker] Current Load: 13.22%
2026-09-30 01:53:35,047 [INFO] [MemoryWorker] Current Heap: 325MB
2026-09-30 01:53:35,660 [INFO] [CpuWorker] Current Load: 19.79%
2026-09-30 01:53:38,082 [INFO] [MemoryWorker] Current Heap: 350MB
2026-09-30 01:53:38,787 [INFO] [CpuWorker] Current Load: 22.47%
2026-09-30 01:53:41,122 [INFO] [MemoryWorker] Current Heap: 375MB
2026-09-30 01:53:41,919 [INFO] [CpuWorker] Current Load: 26.19%
2026-09-30 01:53:44,040 [INFO] [CpuWorker] Peak reached (30.00%). Starting cooldown...
2026-09-30 01:53:44,174 [INFO] [MemoryWorker] Current Heap: 400MB
2026-09-30 01:53:45,048 [INFO] [CpuWorker] Current Load: 30.00%
2026-09-30 01:53:47,222 [INFO] [MemoryWorker] Current Heap: 425MB
2026-09-30 01:53:48,182 [INFO] [CpuWorker] Current Load: 26.96%
2026-09-30 01:53:50,266 [INFO] [MemoryWorker] Current Heap: 450MB
2026-09-30 01:53:51,306 [INFO] [CpuWorker] Current Load: 17.40%
2026-09-30 01:53:53,301 [INFO] [MemoryWorker] Current Heap: 475MB
2026-09-30 01:53:54,436 [INFO] [CpuWorker] Current Load: 11.43%
2026-09-30 01:53:56,341 [INFO] [MemoryWorker] Current Heap: 500MB
2026-09-30 01:53:56,554 [INFO] [CpuWorker] Cooldown complete (5.00%). Resuming load increase...
2026-09-30 01:53:57,565 [INFO] [CpuWorker] Current Load: 5.00%
2026-09-30 01:53:59,380 [INFO] [MemoryWorker] Current Heap: 525MB
2026-09-30 01:53:59,381 [WARNING] [MemoryWorker] Memory Usage Reached Limit (525MB). Starting cleanup...
2026-09-30 01:53:59,394 [INFO] [System] Memory Cache Flushed. Process Stabilized.

>>> [SYSTEM] MEMORY RECOVERED (Cache Cleared) <<<

2026-09-30 01:54:00,685 [INFO] [CpuWorker] Current Load: 7.37%
2026-09-30 01:54:03,813 [INFO] [CpuWorker] Current Load: 15.53%
2026-09-30 01:54:04,451 [INFO] [MemoryWorker] Current Heap: 25MB
2026-09-30 01:54:06,941 [INFO] [CpuWorker] Current Load: 20.91%
2026-09-30 01:54:07,495 [INFO] [MemoryWorker] Current Heap: 50MB
2026-09-30 01:54:09,061 [INFO] [CpuWorker] Peak reached (30.00%). Starting cooldown...
2026-09-30 01:54:10,069 [INFO] [CpuWorker] Current Load: 30.00%
2026-09-30 01:54:10,529 [INFO] [MemoryWorker] Current Heap: 75MB
2026-09-30 01:54:13,204 [INFO] [CpuWorker] Current Load: 25.22%
2026-09-30 01:54:13,564 [INFO] [MemoryWorker] Current Heap: 100MB
2026-09-30 01:54:16,335 [INFO] [CpuWorker] Current Load: 21.13%
2026-09-30 01:54:16,598 [INFO] [MemoryWorker] Current Heap: 125MB
2026-09-30 01:54:19,464 [INFO] [CpuWorker] Current Load: 19.19%
2026-09-30 01:54:19,638 [INFO] [MemoryWorker] Current Heap: 150MB
2026-09-30 01:54:22,594 [INFO] [CpuWorker] Current Load: 14.68%
2026-09-30 01:54:22,695 [INFO] [MemoryWorker] Current Heap: 175MB
2026-09-30 01:54:25,737 [INFO] [CpuWorker] Current Load: 11.58%
2026-09-30 01:54:25,738 [INFO] [MemoryWorker] Current Heap: 200MB
2026-09-30 01:54:27,859 [INFO] [CpuWorker] Cooldown complete (5.00%). Resuming load increase...
2026-09-30 01:54:28,783 [INFO] [MemoryWorker] Current Heap: 225MB
2026-09-30 01:54:28,870 [INFO] [CpuWorker] Current Load: 5.00%
2026-09-30 01:54:31,810 [INFO] [MemoryWorker] Current Heap: 250MB
2026-09-30 01:54:31,992 [INFO] [CpuWorker] Current Load: 10.31%
2026-09-30 01:54:34,850 [INFO] [MemoryWorker] Current Heap: 275MB
2026-09-30 01:54:35,121 [INFO] [CpuWorker] Current Load: 17.50%
2026-09-30 01:54:37,872 [INFO] [MemoryWorker] Current Heap: 300MB
2026-09-30 01:54:38,247 [INFO] [CpuWorker] Current Load: 21.32%
2026-09-30 01:54:40,915 [INFO] [MemoryWorker] Current Heap: 325MB
2026-09-30 01:54:41,380 [INFO] [CpuWorker] Current Load: 23.41%
2026-09-30 01:54:43,959 [INFO] [MemoryWorker] Current Heap: 350MB
2026-09-30 01:54:44,505 [INFO] [CpuWorker] Current Load: 27.46%
2026-09-30 01:54:46,625 [INFO] [CpuWorker] Peak reached (30.00%). Starting cooldown...
2026-09-30 01:54:46,989 [INFO] [MemoryWorker] Current Heap: 375MB
2026-09-30 01:54:47,636 [INFO] [CpuWorker] Current Load: 30.00%
2026-09-30 01:54:50,036 [INFO] [MemoryWorker] Current Heap: 400MB
2026-09-30 01:54:50,766 [INFO] [CpuWorker] Current Load: 27.84%
2026-09-30 01:54:53,088 [INFO] [MemoryWorker] Current Heap: 425MB
2026-09-30 01:54:53,888 [INFO] [CpuWorker] Current Load: 24.86%
2026-09-30 01:54:56,121 [INFO] [MemoryWorker] Current Heap: 450MB
2026-09-30 01:54:57,017 [INFO] [CpuWorker] Current Load: 20.12%
2026-09-30 01:54:59,148 [INFO] [MemoryWorker] Current Heap: 475MB
2026-09-30 01:55:00,146 [INFO] [CpuWorker] Current Load: 16.65%
2026-09-30 01:55:02,186 [INFO] [MemoryWorker] Current Heap: 500MB
2026-09-30 01:55:03,277 [INFO] [CpuWorker] Current Load: 9.03%
2026-09-30 01:55:05,223 [INFO] [MemoryWorker] Current Heap: 525MB
2026-09-30 01:55:05,224 [WARNING] [MemoryWorker] Memory Usage Reached Limit (525MB). Starting cleanup...
2026-09-30 01:55:05,264 [INFO] [System] Memory Cache Flushed. Process Stabilized.

>>> [SYSTEM] MEMORY RECOVERED (Cache Cleared) <<<

2026-09-30 01:55:05,397 [INFO] [CpuWorker] Cooldown complete (5.00%). Resuming load increase...
2026-09-30 01:55:06,403 [INFO] [CpuWorker] Current Load: 5.00%
2026-09-30 01:55:09,529 [INFO] [CpuWorker] Current Load: 7.61%
2026-09-30 01:55:10,334 [INFO] [MemoryWorker] Current Heap: 25MB
2026-09-30 01:55:12,655 [INFO] [CpuWorker] Current Load: 13.22%
2026-09-30 01:55:13,388 [INFO] [MemoryWorker] Current Heap: 50MB
2026-09-30 01:55:15,777 [INFO] [CpuWorker] Current Load: 17.40%
2026-09-30 01:55:16,425 [INFO] [MemoryWorker] Current Heap: 75MB
2026-09-30 01:55:18,907 [INFO] [CpuWorker] Current Load: 17.44%
2026-09-30 01:55:19,457 [INFO] [MemoryWorker] Current Heap: 100MB
2026-09-30 01:55:22,035 [INFO] [CpuWorker] Current Load: 22.28%
2026-09-30 01:55:22,502 [INFO] [MemoryWorker] Current Heap: 125MB
2026-09-30 01:55:24,157 [INFO] [CpuWorker] Peak reached (30.00%). Starting cooldown...
2026-09-30 01:55:25,166 [INFO] [CpuWorker] Current Load: 30.00%
2026-09-30 01:55:25,553 [INFO] [MemoryWorker] Current Heap: 150MB
2026-09-30 01:55:28,299 [INFO] [CpuWorker] Current Load: 20.84%
2026-09-30 01:55:28,604 [INFO] [MemoryWorker] Current Heap: 175MB
2026-09-30 01:55:31,426 [INFO] [CpuWorker] Current Load: 19.73%
2026-09-30 01:55:31,648 [INFO] [MemoryWorker] Current Heap: 200MB
2026-09-30 01:55:34,555 [INFO] [CpuWorker] Current Load: 18.65%
2026-09-30 01:55:34,676 [INFO] [MemoryWorker] Current Heap: 225MB
2026-09-30 01:55:37,673 [INFO] [CpuWorker] Current Load: 17.61%
2026-09-30 01:55:37,702 [INFO] [MemoryWorker] Current Heap: 250MB
2026-09-30 01:55:40,732 [INFO] [MemoryWorker] Current Heap: 275MB
2026-09-30 01:55:40,813 [INFO] [CpuWorker] Current Load: 11.63%
2026-09-30 01:55:42,928 [INFO] [CpuWorker] Cooldown complete (5.00%). Resuming load increase...
2026-09-30 01:55:43,779 [INFO] [MemoryWorker] Current Heap: 300MB
2026-09-30 01:55:43,942 [INFO] [CpuWorker] Current Load: 5.00%
2026-09-30 01:55:46,817 [INFO] [MemoryWorker] Current Heap: 325MB
2026-09-30 01:55:47,067 [INFO] [CpuWorker] Current Load: 10.93%
2026-09-30 01:55:49,849 [INFO] [MemoryWorker] Current Heap: 350MB
2026-09-30 01:55:50,195 [INFO] [CpuWorker] Current Load: 14.18%
2026-09-30 01:55:52,879 [INFO] [MemoryWorker] Current Heap: 375MB
2026-09-30 01:55:53,327 [INFO] [CpuWorker] Current Load: 16.83%
2026-09-30 01:55:55,913 [INFO] [MemoryWorker] Current Heap: 400MB
2026-09-30 01:55:56,458 [INFO] [CpuWorker] Current Load: 24.52%
2026-09-30 01:55:58,962 [INFO] [MemoryWorker] Current Heap: 425MB
2026-09-30 01:55:59,590 [INFO] [CpuWorker] Current Load: 26.27%
2026-09-30 01:56:01,991 [INFO] [MemoryWorker] Current Heap: 450MB
2026-09-30 01:56:02,706 [INFO] [CpuWorker] Current Load: 27.76%
2026-09-30 01:56:04,828 [INFO] [CpuWorker] Peak reached (30.00%). Starting cooldown...
2026-09-30 01:56:05,036 [INFO] [MemoryWorker] Current Heap: 475MB
2026-09-30 01:56:05,840 [INFO] [CpuWorker] Current Load: 30.00%
2026-09-30 01:56:08,097 [INFO] [MemoryWorker] Current Heap: 500MB
2026-09-30 01:56:08,973 [INFO] [CpuWorker] Current Load: 23.52%
2026-09-30 01:56:11,126 [INFO] [MemoryWorker] Current Heap: 525MB
2026-09-30 01:56:11,127 [WARNING] [MemoryWorker] Memory Usage Reached Limit (525MB). Starting cleanup...
2026-09-30 01:56:11,139 [INFO] [System] Memory Cache Flushed. Process Stabilized.

>>> [SYSTEM] MEMORY RECOVERED (Cache Cleared) <<<

2026-09-30 01:56:12,100 [INFO] [CpuWorker] Current Load: 19.00%
2026-09-30 01:56:15,229 [INFO] [CpuWorker] Current Load: 9.30%
2026-09-30 01:56:16,191 [INFO] [MemoryWorker] Current Heap: 25MB
2026-09-30 01:56:18,354 [INFO] [CpuWorker] Current Load: 7.82%
2026-09-30 01:56:19,241 [INFO] [MemoryWorker] Current Heap: 50MB
2026-09-30 01:56:20,469 [INFO] [CpuWorker] Cooldown complete (5.00%). Resuming load increase...
2026-09-30 01:56:21,478 [INFO] [CpuWorker] Current Load: 5.00%
2026-09-30 01:56:22,272 [INFO] [MemoryWorker] Current Heap: 75MB
2026-09-30 01:56:24,603 [INFO] [CpuWorker] Current Load: 6.04%
2026-09-30 01:56:25,331 [INFO] [MemoryWorker] Current Heap: 100MB
2026-09-30 01:56:27,725 [INFO] [CpuWorker] Current Load: 14.46%
2026-09-30 01:56:28,370 [INFO] [MemoryWorker] Current Heap: 125MB
2026-09-30 01:56:30,853 [INFO] [CpuWorker] Current Load: 17.17%
2026-09-30 01:56:31,403 [INFO] [MemoryWorker] Current Heap: 150MB
2026-09-30 01:56:33,976 [INFO] [CpuWorker] Current Load: 23.27%
2026-09-30 01:56:34,435 [INFO] [MemoryWorker] Current Heap: 175MB
2026-09-30 01:56:37,103 [INFO] [CpuWorker] Current Load: 26.81%
2026-09-30 01:56:37,489 [INFO] [MemoryWorker] Current Heap: 200MB
2026-09-30 01:56:39,226 [INFO] [CpuWorker] Peak reached (30.00%). Starting cooldown...
2026-09-30 01:56:40,238 [INFO] [CpuWorker] Current Load: 30.00%
2026-09-30 01:56:40,520 [INFO] [MemoryWorker] Current Heap: 225MB
2026-09-30 01:56:43,368 [INFO] [CpuWorker] Current Load: 24.24%
2026-09-30 01:56:43,551 [INFO] [MemoryWorker] Current Heap: 250MB
2026-09-30 01:56:46,487 [INFO] [CpuWorker] Current Load: 23.29%
2026-09-30 01:56:46,596 [INFO] [MemoryWorker] Current Heap: 275MB
2026-09-30 01:56:49,626 [INFO] [MemoryWorker] Current Heap: 300MB
2026-09-30 01:56:49,627 [INFO] [CpuWorker] Current Load: 16.79%
2026-09-30 01:56:52,657 [INFO] [MemoryWorker] Current Heap: 325MB
2026-09-30 01:56:52,754 [INFO] [CpuWorker] Current Load: 10.18%
2026-09-30 01:56:55,696 [INFO] [MemoryWorker] Current Heap: 350MB
2026-09-30 01:56:55,883 [INFO] [CpuWorker] Current Load: 8.12%
2026-09-30 01:56:58,002 [INFO] [CpuWorker] Cooldown complete (5.00%). Resuming load increase...
2026-09-30 01:56:58,745 [INFO] [MemoryWorker] Current Heap: 375MB
2026-09-30 01:56:59,014 [INFO] [CpuWorker] Current Load: 5.00%
2026-09-30 01:57:01,769 [INFO] [MemoryWorker] Current Heap: 400MB
2026-09-30 01:57:02,142 [INFO] [CpuWorker] Current Load: 6.40%
2026-09-30 01:57:04,814 [INFO] [MemoryWorker] Current Heap: 425MB
2026-09-30 01:57:05,273 [INFO] [CpuWorker] Current Load: 7.93%
2026-09-30 01:57:07,852 [INFO] [MemoryWorker] Current Heap: 450MB
2026-09-30 01:57:08,399 [INFO] [CpuWorker] Current Load: 14.83%
2026-09-30 01:57:10,878 [INFO] [MemoryWorker] Current Heap: 475MB
2026-09-30 01:57:11,528 [INFO] [CpuWorker] Current Load: 20.11%
2026-09-30 01:57:13,913 [INFO] [MemoryWorker] Current Heap: 500MB
2026-09-30 01:57:14,650 [INFO] [CpuWorker] Current Load: 24.11%
2026-09-30 01:57:16,955 [INFO] [MemoryWorker] Current Heap: 525MB
2026-09-30 01:57:16,956 [WARNING] [MemoryWorker] Memory Usage Reached Limit (525MB). Starting cleanup...
2026-09-30 01:57:16,963 [INFO] [System] Memory Cache Flushed. Process Stabilized.

>>> [SYSTEM] MEMORY RECOVERED (Cache Cleared) <<<

2026-09-30 01:57:17,780 [INFO] [CpuWorker] Current Load: 29.35%
2026-09-30 01:57:19,902 [INFO] [CpuWorker] Peak reached (30.00%). Starting cooldown...
2026-09-30 01:57:20,910 [INFO] [CpuWorker] Current Load: 30.00%
2026-09-30 01:57:22,005 [INFO] [MemoryWorker] Current Heap: 25MB
2026-09-30 01:57:24,039 [INFO] [CpuWorker] Current Load: 22.39%
2026-09-30 01:57:25,041 [INFO] [MemoryWorker] Current Heap: 50MB
2026-09-30 01:57:27,169 [INFO] [CpuWorker] Current Load: 14.28%
2026-09-30 01:57:28,075 [INFO] [MemoryWorker] Current Heap: 75MB
2026-09-30 01:57:30,302 [INFO] [CpuWorker] Current Load: 10.24%
2026-09-30 01:57:31,110 [INFO] [MemoryWorker] Current Heap: 100MB
2026-09-30 01:57:32,423 [INFO] [CpuWorker] Cooldown complete (5.00%). Resuming load increase...
2026-09-30 01:57:33,436 [INFO] [CpuWorker] Current Load: 5.00%
2026-09-30 01:57:34,143 [INFO] [MemoryWorker] Current Heap: 125MB
2026-09-30 01:57:36,583 [INFO] [CpuWorker] Current Load: 9.68%
2026-09-30 01:57:37,190 [INFO] [MemoryWorker] Current Heap: 150MB
2026-09-30 01:57:39,708 [INFO] [CpuWorker] Current Load: 12.45%
2026-09-30 01:57:40,230 [INFO] [MemoryWorker] Current Heap: 175MB
2026-09-30 01:57:42,836 [INFO] [CpuWorker] Current Load: 19.93%
2026-09-30 01:57:43,287 [INFO] [MemoryWorker] Current Heap: 200MB
2026-09-30 01:57:45,955 [INFO] [CpuWorker] Current Load: 28.56%
