>>> Starting Agent Boot Sequence...
[1/6] Checking User Account               [OK]
   ... Running as service user 'agent' (uid=1000)
[2/6] Verifying Environment Variables     [OK]
   ... All required Envs correct
[3/6] Checking Required Files             [OK]
   ... Verified 'secret.key' with correct key string.
[4/6] Checking Port Availability          [OK]
   ... Port 15034 is available.
[5/6] Verifying Log Permission            [OK]
   ... Log directory is writable: /home/agent/agent_home/logs
[6/6] Verifying Mission Environment       [OK]
   ... MEMORY_LIMIT=256MB, CPU_MAX_OCCUPY=100%, MULTI_THREAD_ENABLE=False
------------------------------------------------------------
All Boot Checks Passed!
Agent READY
2026-09-29 23:09:06,512 [INFO] [SafetyGuard] Process priority lowered (nice=10).
2026-09-29 23:09:06,512 [INFO] Agent listening at port 15034

==================================================
 [ Agent Initiate ] Resource Check 
==================================================
 [ MEMORY ] Limit: 256MB 		[ WARNING: Recommend Over 256MB ]
 [ CPU    ] Limit: 100%  		[ WARNING: Recommend Under 50% ]
 [ THREAD ] Concurrency: False 		[ OK ]
--------------------------------------------------
 >>> SYSTEM STATUS: STABLE. STARTING WORKLOAD MONITORING...
==================================================

2026-09-29 23:09:08,538 [INFO] [MemoryWorker] Current Heap: 25MB
2026-09-29 23:09:11,568 [INFO] [MemoryWorker] Current Heap: 50MB
2026-09-29 23:09:14,601 [INFO] [MemoryWorker] Current Heap: 75MB
2026-09-29 23:09:17,636 [INFO] [MemoryWorker] Current Heap: 100MB
2026-09-29 23:09:20,678 [INFO] [MemoryWorker] Current Heap: 125MB
2026-09-29 23:09:23,712 [INFO] [MemoryWorker] Current Heap: 150MB
2026-09-29 23:09:26,759 [INFO] [MemoryWorker] Current Heap: 175MB
2026-09-29 23:09:29,796 [INFO] [MemoryWorker] Current Heap: 200MB
2026-09-29 23:09:32,871 [INFO] [MemoryWorker] Current Heap: 225MB
2026-09-29 23:09:35,920 [INFO] [MemoryWorker] Current Heap: 250MB
2026-09-29 23:09:38,995 [INFO] [MemoryWorker] Current Heap: 275MB
2026-09-29 23:09:38,995 [CRITICAL] [MemoryGuard] Memory limit exceeded (275MB >= 256MB) / (Recommend Over 256MB)
2026-09-29 23:09:38,996 [CRITICAL] [MemoryGuard] Self-terminating process 311 to prevent system instability.
